// Jest Snapshot v1, https://goo.gl/fbAQLP

exports[`CallDispositionPage Component matches snapshot 1`] = `
<DocumentFragment>
  <div>
    <div>
      Mocked CallDispositionForm
    </div>
  </div>
</DocumentFragment>
`;
